// Jest Snapshot v1, https://goo.gl/fbAQLP

exports[`<Calculator/> should render correctly 1`] = `
<div
  className="container"
>
  <div
    className="result"
  >
    <div
      className="output-container"
    >
      <div
        className="ac-button-wrapper"
      >
        <Button
          label="AC"
          onClick={[Function]}
        />
      </div>
      <div>
        <input
          className="output"
          type="text"
          value=""
        />
      </div>
    </div>
  </div>
  <div>
    <Button
      disabled={false}
      label="7"
      onClick={[Function]}
    />
    <Button
      disabled={false}
      label="8"
      onClick={[Function]}
    />
    <Button
      disabled={false}
      label="9"
      onClick={[Function]}
    />
    <Button
      disabled={false}
      label="/"
      onClick={[Function]}
    />
  </div>
  <div>
    <Button
      disabled={false}
      label="4"
      onClick={[Function]}
    />
    <Button
      disabled={false}
      label="5"
      onClick={[Function]}
    />
    <Button
      disabled={false}
      label="6"
      onClick={[Function]}
    />
    <Button
      disabled={false}
      label="*"
      onClick={[Function]}
    />
  </div>
  <div>
    <Button
      disabled={false}
      label="1"
      onClick={[Function]}
    />
    <Button
      disabled={false}
      label="2"
      onClick={[Function]}
    />
    <Button
      disabled={false}
      label="3"
      onClick={[Function]}
    />
    <Button
      disabled={false}
      label="-"
      onClick={[Function]}
    />
  </div>
  <div>
    <Button
      disabled={false}
      label="0"
      onClick={[Function]}
    />
    <Button
      disabled={false}
      label="."
      onClick={[Function]}
    />
    <Button
      disabled={false}
      label="="
      onClick={[Function]}
    />
    <Button
      disabled={false}
      label="+"
      onClick={[Function]}
    />
  </div>
</div>
`;
